// Jest Snapshot v1, https://goo.gl/fbAQLP

exports[`<App /> should render and match the snapshot 1`] = `
<ForwardRef>
  <HelmetWrapper
    defaultTitle="Go Shop"
    defer={true}
    encodeSpecialCharacters={true}
    titleTemplate="%s - Go Shop"
  >
    <meta
      content="Go Shop"
      name="description"
    />
  </HelmetWrapper>
  <Switch>
    <Route
      component={[Function]}
      exact={true}
      path="/"
    />
    <Route
      component={[Function]}
      exact={true}
      path="/cart"
    />
  </Switch>
  <Footer />
  <GlobalStyleComponent />
</ForwardRef>
`;
